BLACKHATBASH QUALITY REPORT
===========================

Commits in branch : 84
Commits in class  : 79

Commit Distribution : 40/40
Class Schedule      : 35/35
Comment Coverage    : 10/10
English Comments    : 8/10
Comment Quality     : 1/5

FINAL SCORE         : 94/100
GRADE               : A

CLASS SCHEDULE ANALYSIS
-----------------------
Total commits      : 84
Commits in class   : 79
Outside class      : 5
Percentage         : 94%
Schedule score     : 35/35

BLACKHATBASH QUALITY REPORT
===========================

Commits in branch : 85
Commits in class  : 80

Commit Distribution : 40/40
Class Schedule      : 35/35
Comment Coverage    : 10/10
English Comments    : 8/10
Comment Quality     : 1/5

FINAL SCORE         : 94/100
GRADE               : A

CLASS SCHEDULE ANALYSIS
-----------------------
Total commits      : 85
Commits in class   : 80
Outside class      : 5
Percentage         : 94%
Schedule score     : 35/35

BLACKHATBASH QUALITY REPORT
===========================

Commits in branch : 86
Commits in class  : 81

Commit Distribution : 40/40
Class Schedule      : 35/35
Comment Coverage    : 10/10
English Comments    : 8/10
Comment Quality     : 1/5

FINAL SCORE         : 94/100
GRADE               : A

CLASS SCHEDULE ANALYSIS
-----------------------
Total commits      : 86
Commits in class   : 81
Outside class      : 5
Percentage         : 94%
Schedule score     : 35/35

